âë£½¯F
„F{"Root":{"Path":"/","CreatedIndex":0,"ModifiedIndex":0,"ExpireTime":"0001-01-01T00:00:00Z","Value":"","Children":{"0":{"Path":"/0","CreatedIndex":0,"ModifiedIndex":0,"ExpireTime":"0001-01-01T00:00:00Z","Value":"","Children":{"members":{"Path":"/0/members","CreatedIndex":1,"ModifiedIndex":1,"ExpireTime":"0001-01-01T00:00:00Z","Value":"","Children":{"264ae6bc59e99892":{"Path":"/0/members/264ae6bc59e99892","CreatedIndex":1,"ModifiedIndex":1,"ExpireTime":"0001-01-01T00:00:00Z","Value":"","Children":{"attributes":{"Path":"/0/members/264ae6bc59e99892/attributes","CreatedIndex":2,"ModifiedIndex":2,"ExpireTime":"0001-01-01T00:00:00Z","Value":"{\"name\":\"machine-1\",\"clientURLs\":[\"http://127.0.0.1:2379\"]}","Children":null},"raftAttributes":{"Path":"/0/members/264ae6bc59e99892/raftAttributes","CreatedIndex":1,"ModifiedIndex":1,"ExpireTime":"0001-01-01T00:00:00Z","Value":"{\"peerURLs\":[\"http://127.0.0.1:2380\"]}","Children":null}}},"2d84bf650fd8af09":{"Path":"/0/members/2d84bf650fd8af09","CreatedIndex":3,"ModifiedIndex":3,"ExpireTime":"0001-01-01T00:00:00Z","Value":"","Children":{"attributes":{"Path":"/0/members/2d84bf650fd8af09/attributes","CreatedIndex":4,"ModifiedIndex":4,"ExpireTime":"0001-01-01T00:00:00Z","Value":"{\"name\":\"machine-3\",\"clientURLs\":[\"http://127.0.0.3:2379\"]}","Children":null},"raftAttributes":{"Path":"/0/members/2d84bf650fd8af09/raftAttributes","CreatedIndex":3,"ModifiedIndex":3,"ExpireTime":"0001-01-01T00:00:00Z","Value":"{\"peerURLs\":[\"http://127.0.0.3:2380\"]}","Children":null}}},"4785b888cd6449e9":{"Path":"/0/members/4785b888cd6449e9","CreatedIndex":5,"ModifiedIndex":5,"ExpireTime":"0001-01-01T00:00:00Z","Value":"","Children":{"attributes":{"Path":"/0/members/4785b888cd6449e9/attributes","CreatedIndex":6,"ModifiedIndex":6,"ExpireTime":"0001-01-01T00:00:00Z","Value":"{\"name\":\"machine-2\",\"clientURLs\":[\"http://127.0.0.2:2379\"]}","Children":null},"raftAttributes":{"Path":"/0/members/4785b888cd6449e9/raftAttributes","CreatedIndex":5,"ModifiedIndex":5,"ExpireTime":"0001-01-01T00:00:00Z","Value":"{\"peerURLs\":[\"http://127.0.0.2:2380\"]}","Children":null}}}}},"version":{"Path":"/0/version","CreatedIndex":7,"ModifiedIndex":7,"ExpireTime":"0001-01-01T00:00:00Z","Value":"3.6.0","Children":null}}},"1":{"Path":"/1","CreatedIndex":0,"ModifiedIndex":0,"ExpireTime":"0001-01-01T00:00:00Z","Value":"","Children":{}}}},"WatcherHub":{"EventHistory":{"Queue":{"Events":[{"action":"create","node":{"key":"/0/members/264ae6bc59e99892/raftAttributes","value":"{\"peerURLs\":[\"http://127.0.0.1:2380\"]}","modifiedIndex":1,"createdIndex":1}},{"action":"set","node":{"key":"/0/members/264ae6bc59e99892/attributes","value":"{\"name\":\"machine-1\",\"clientURLs\":[\"http://127.0.0.1:2379\"]}","modifiedIndex":2,"createdIndex":2}},{"action":"create","node":{"key":"/0/members/2d84bf650fd8af09/raftAttributes","value":"{\"peerURLs\":[\"http://127.0.0.3:2380\"]}","modifiedIndex":3,"createdIndex":3}},{"action":"set","node":{"key":"/0/members/2d84bf650fd8af09/attributes","value":"{\"name\":\"machine-3\",\"clientURLs\":[\"http://127.0.0.3:2379\"]}","modifiedIndex":4,"createdIndex":4}},{"action":"create","node":{"key":"/0/members/4785b888cd6449e9/raftAttributes","value":"{\"peerURLs\":[\"http://127.0.0.2:2380\"]}","modifiedIndex":5,"createdIndex":5}},{"action":"set","node":{"key":"/0/members/4785b888cd6449e9/attributes","value":"{\"name\":\"machine-2\",\"clientURLs\":[\"http://127.0.0.2:2379\"]}","modifiedIndex":6,"createdIndex":6}},{"action":"set","node":{"key":"/0/version","value":"3.6.0","modifiedIndex":7,"createdIndex":7}},null,null,null,null,null,null,null,null,null,null,null,null,null,null,null,null,null,null,null,null,null,null,null,null,null,null,null,null,null,null,null,null,null,null,null,null,null,null,null,null,null,null,null,null,null,null,null,null,null,null,null,null,null,null,null,null,null,null,null,null,null,null,null,null,null,null,null,null,null,null,null,null,null,null,null,null,null,null,null,null,null,null,null,null,null,null,null,null,null,null,null,null,null,null,null,null,null,null,null,null,null,null,null,null,null,null,null,null,null,null,null,null,null,null,null,null,null,null,null,null,null,null,null,null,null,null,null,null,null,null,null,null,null,null,null,null,null,null,null,null,null,null,null,null,null,null,null,null,null,null,null,null,null,null,null,null,null,null,null,null,null,null,null,null,null,null,null,null,null,null,null,null,null,null,null,null,null,null,null,null,null,null,null,null,null,null,null,null,null,null,null,null,null,null,null,null,null,null,null,null,null,null,null,null,null,null,null,null,null,null,null,null,null,null,null,null,null,null,null,null,null,null,null,null,null,null,null,null,null,null,null,null,null,null,null,null,null,null,null,null,null,null,null,null,null,null,null,null,null,null,null,null,null,null,null,null,null,null,null,null,null,null,null,null,null,null,null,null,null,null,null,null,null,null,null,null,null,null,null,null,null,null,null,null,null,null,null,null,null,null,null,null,null,null,null,null,null,null,null,null,null,null,null,null,null,null,null,null,null,null,null,null,null,null,null,null,null,null,null,null,null,null,null,null,null,null,null,null,null,null,null,null,null,null,null,null,null,null,null,null,null,null,null,null,null,null,null,null,null,null,null,null,null,null,null,null,null,null,null,null,null,null,null,null,null,null,null,null,null,null,null,null,null,null,null,null,null,null,null,null,null,null,null,null,null,null,null,null,null,null,null,null,null,null,null,null,null,null,null,null,null,null,null,null,null,null,null,null,null,null,null,null,null,null,null,null,null,null,null,null,null,null,null,null,null,null,null,null,null,null,null,null,null,null,null,null,null,null,null,null,null,null,null,null,null,null,null,null,null,null,null,null,null,null,null,null,null,null,null,null,null,null,null,null,null,null,null,null,null,null,null,null,null,null,null,null,null,null,null,null,null,null,null,null,null,null,null,null,null,null,null,null,null,null,null,null,null,null,null,null,null,null,null,null,null,null,null,null,null,null,null,null,null,null,null,null,null,null,null,null,null,null,null,null,null,null,null,null,null,null,null,null,null,null,null,null,null,null,null,null,null,null,null,null,null,null,null,null,null,null,null,null,null,null,null,null,null,null,null,null,null,null,null,null,null,null,null,null,null,null,null,null,null,null,null,null,null,null,null,null,null,null,null,null,null,null,null,null,null,null,null,null,null,null,null,null,null,null,null,null,null,null,null,null,null,null,null,null,null,null,null,null,null,null,null,null,null,null,null,null,null,null,null,null,null,null,null,null,null,null,null,null,null,null,null,null,null,null,null,null,null,null,null,null,null,null,null,null,null,null,null,null,null,null,null,null,null,null,null,null,null,null,null,null,null,null,null,null,null,null,null,null,null,null,null,null,null,null,null,null,null,null,null,null,null,null,null,null,null,null,null,null,null,null,null,null,null,null,null,null,null,null,null,null,null,null,null,null,null,null,null,null,null,null,null,null,null,null,null,null,null,null,null,null,null,null,null,null,null,null,null,null,null,null,null,null,null,null,null,null,null,null,null,null,null,null,null,null,null,null,null,null,null,null,null,null,null,null,null,null,null,null,null,null,null,null,null,null,null,null,null,null,null,null,null,null,null,null,null,null,null,null,null,null,null,null,null,null,null,null,null,null,null,null,null,null,null,null,null,null,null,null,null,null,null,null,null,null,null,null,null,null,null,null,null,null,null,null,null,null,null,null,null,null,null,null,null,null,null,null,null,null,null,null,null,null,null,null,null,null,null,null,null,null,null,null,null,null,null,null,null,null,null,null,null,null,null,null,null,null,null,null,null,null,null,null,null,null,null,null,null,null,null,null,null,null,null,null,null,null,null,null,null,null,null,null,null,null,null,null,null,null,null,null,null,null,null,null,null,null,null,null,null,null,null,null,null,null,null,null,null,null,null,null,null,null,null,null,null,null,null,null,null,null,null,null,null,null,null,null,null,null,null,null,null,null,null,null,null,null,null,null,null,null,null,null,null,null,null,null,null,null,null,null,null,null,null,null,null,null,null,null,null,null,null,null,null,null,null,null,null,null,null,null,null,null,null,null,null,null,null,null,null,null,null,null,null,null,null,null,null,null,null],"Size":7,"Front":0,"Back":7,"Capacity":1000},"StartIndex":1,"LastIndex":7}},"CurrentIndex":7,"Stats":{"getsSuccess":0,"getsFail":1,"setsSuccess":4,"setsFail":0,"deleteSuccess":0,"deleteFail":0,"updateSuccess":0,"updateFail":0,"createSuccess":3,"createFail":0,"compareAndSwapSuccess":0,"compareAndSwapFail":0,"compareAndDeleteSuccess":0,"compareAndDeleteFail":0,"expireCount":0,"watchers":0},"CurrentVersion":2}&
 ’±¦ÏÅ×¹¥&‰ÞâþÐì¯Â-é“‘ëŒ‘îÂG( 